// Jest Snapshot v1, https://goo.gl/fbAQLP

exports[`PokemonPicture tests Should match the snapshot 1`] = `
<div class="pokemon-container"><img alt="PokÃ©mon" class="hidden-pokemon" data-test-id="hidden-pokemon" src="https://raw.githubusercontent.com/PokeAPI/sprites/master/sprites/pokemon/other/dream-world/1.svg">
  <!--v-if-->
</div>
`;
