// Jest Snapshot v1, https://goo.gl/fbAQLP

exports[`PokemonOptions tests Should match the snapshot 1`] = `
<div class="options-container">
  <ul>
    <li><span>bulbasaur</span></li>
    <li><span>ivysaur</span></li>
    <li><span>venusaur</span></li>
    <li><span>charmander</span></li>
  </ul>
</div>
`;
