// Jest Snapshot v1, https://goo.gl/fbAQLP

exports[`PokemonPage tests Should match the snapshot 1`] = `<h1>Wait, please...</h1>`;

exports[`PokemonPage tests Should match the snapshot when pokemons are loaded 1`] = `
<div>
  <h1>Who's that Pok√©mon!?</h1>
  <pokemon-picture-stub pokemonid="1" showpokemon="false"></pokemon-picture-stub>
  <pokemon-options-stub pokemonarr="[object Object],[object Object],[object Object],[object Object]"></pokemon-options-stub>
  <!--v-if-->
</div>
`;
